2025-08-19 18:40:00 | INFO | repo=course-sys-int-osgi-seminar | action=commit
2025-09-03 07:23:00 | INFO | repo=course-sys-int-osgi-seminar | action=commit
2025-09-28 08:40:00 | INFO | repo=course-sys-int-osgi-seminar | action=commit
2025-12-18 12:13:00 | DEBUG | repo=course-sys-int-osgi-seminar | action=edit | files=4
2025-03-28 07:22:00 | WARN | repo=course-sys-int-osgi-seminar | action=commit
2025-10-26 12:00:00 | WARN | repo=course-sys-int-osgi-seminar | action=test | passed=true
2025-11-07 15:57:00 | INFO | repo=course-sys-int-osgi-seminar | action=commit
2025-05-22 17:36:00 | DEBUG | repo=course-sys-int-osgi-seminar | action=commit
2025-09-18 16:18:00 | DEBUG | repo=course-sys-int-osgi-seminar | action=commit
2025-11-04 16:40:00 | DEBUG | repo=course-sys-int-osgi-seminar | action=test | passed=true
2025-12-15 21:55:00 | DEBUG | repo=course-sys-int-osgi-seminar | action=commit
2025-07-15 21:48:00 | DEBUG | repo=course-sys-int-osgi-seminar | action=commit
2025-10-23 07:08:00 | WARN | repo=course-sys-int-osgi-seminar | action=pull
2025-07-03 11:27:00 | DEBUG | repo=course-sys-int-osgi-seminar | action=commit
2025-05-24 13:47:00 | INFO | repo=course-sys-int-osgi-seminar | action=commit
2025-04-02 16:21:00 | INFO | repo=course-sys-int-osgi-seminar | action=commit
2025-01-11 13:56:00 | DEBUG | repo=course-sys-int-osgi-seminar | action=commit
2025-06-04 21:37:00 | DEBUG | repo=course-sys-int-osgi-seminar | action=test | passed=true
2025-09-23 21:52:00 | WARN | repo=course-sys-int-osgi-seminar | action=commit
2025-03-04 14:14:00 | WARN | repo=course-sys-int-osgi-seminar | action=edit | files=4
2025-07-25 14:40:00 | DEBUG | repo=course-sys-int-osgi-seminar | action=edit | files=2
2025-03-14 10:26:00 | WARN | repo=course-sys-int-osgi-seminar | action=commit
2025-02-19 08:49:00 | INFO | repo=course-sys-int-osgi-seminar | action=edit | files=4
2025-01-22 14:59:00 | DEBUG | repo=course-sys-int-osgi-seminar | action=pull
2025-04-16 16:46:00 | WARN | repo=course-sys-int-osgi-seminar | action=edit | files=5
2025-05-03 15:19:00 | INFO | repo=course-sys-int-osgi-seminar | action=test | passed=true
2025-01-09 14:34:00 | WARN | repo=course-sys-int-osgi-seminar | action=commit
2025-10-28 15:25:00 | DEBUG | repo=course-sys-int-osgi-seminar | action=edit | files=3
2025-06-04 17:45:00 | WARN | repo=course-sys-int-osgi-seminar | action=commit
